#
# There is insufficient memory for the Java Runtime Environment to continue.
# Native memory allocation (malloc) failed to allocate 123776 bytes. Error detail: Chunk::new
# Possible reasons:
#   The system is out of physical RAM or swap space
#   This process is running with CompressedOops enabled, and the Java Heap may be blocking the growth of the native heap
# Possible solutions:
#   Reduce memory load on the system
#   Increase physical memory or swap space
#   Check if swap backing store is full
#   Decrease Java heap size (-Xmx/-Xms)
#   Decrease number of Java threads
#   Decrease Java thread stack sizes (-Xss)
#   Set larger code cache with -XX:ReservedCodeCacheSize=
#   JVM is running with Unscaled Compressed Oops mode in which the Java heap is
#     placed in the first 4GB address space. The Java Heap base address is the
#     maximum limit for the native heap growth. Please use -XX:HeapBaseMinAddress
#     to set the Java Heap base and to place the Java Heap above 4GB virtual address.
# This output file may be truncated or incomplete.
#
#  Out of Memory Error (arena.cpp:168), pid=8984, tid=15220
#
# JRE version: OpenJDK Runtime Environment Temurin-21.0.12.1+1 (21.0.12.1+1) (build 21.0.12.1+1-LTS)
# Java VM: OpenJDK 64-Bit Server VM Temurin-21.0.12.1+1 (21.0.12.1+1-LTS, mixed mode, sharing, tiered, compressed oops, compressed class ptrs, parallel gc, windows-amd64)
# No core dump will be written. Minidumps are not enabled by default on client versions of Windows
#

---------------  S U M M A R Y ------------

Command Line: --add-modules=ALL-SYSTEM --add-opens=java.base/java.util=ALL-UNNAMED --add-opens=java.base/java.lang=ALL-UNNAMED --add-opens=java.base/sun.nio.fs=ALL-UNNAMED -Declipse.application=org.eclipse.jdt.ls.core.id1 -Dosgi.bundles.defaultStartLevel=4 -Declipse.product=org.eclipse.jdt.ls.core.product -Djava.import.generatesMetadataFilesAtProjectRoot=false -Dm2e.project.cache.size=50 -DDetectVMInstallationsJob.disabled=true -Dfile.encoding=utf8 -XX:+UseParallelGC -XX:GCTimeRatio=4 -XX:AdaptiveSizePolicyWeight=90 -Dsun.zip.disableMemoryMapping=true -Xmx2G -Xms100m -Xlog:disable -javaagent:c:\Users\aluno.UDICENTRO\.vscode\extensions\redhat.java-1.56.0-win32-x64\lombok\lombok-1.18.39-4050.jar c:\Users\aluno.UDICENTRO\.vscode\extensions\redhat.java-1.56.0-win32-x64\server\plugins\org.eclipse.equinox.launcher_1.8.0.v20260804-1928.jar -configuration c:\Users\aluno.UDICENTRO\AppData\Roaming\Code\User\globalStorage\redhat.java\1.56.0\config_ss_win -data c:\Users\aluno.UDICENTRO\AppData\Roaming\Code\User\workspaceStorage\1a5981e14c0fc3f5dfccfc3b2f23525a\redhat.java\ss_ws --pipe=\\.\pipe\lsp-0d6e9a4281c7264490c71f3edb35ec42-sock

Host: Intel(R) Core(TM) i7-10700T CPU @ 2.00GHz, 16 cores, 15G,  Windows 11 , 64 bit Build 26100 (10.0.26100.9444)
Time: Wed Sep 23 20:32:37 2026 Hora oficial do Brasil elapsed time: 1.034802 seconds (0d 0h 0m 1s)

---------------  T H R E A D  ---------------

Current thread (0x000002056306c9c0):  JavaThread "C2 CompilerThread2" daemon [_thread_in_native, id=15220, stack(0x00000006db600000,0x00000006db700000) (1024K)]


Current CompileTask:
C2:1034 1805   !   4       java.lang.String::<init> (880 bytes)

Stack: [0x00000006db600000,0x00000006db700000]
Native frames: (J=compiled Java code, j=interpreted, Vv=VM code, C=native code)
V  [jvm.dll+0x6d83e9]
V  [jvm.dll+0x8b5736]
V  [jvm.dll+0x8b7cee]
V  [jvm.dll+0x8b83d3]
V  [jvm.dll+0x284596]
V  [jvm.dll+0xc685d]
V  [jvm.dll+0xc6da1]
V  [jvm.dll+0x2fb5ae]
V  [jvm.dll+0x5fee94]
V  [jvm.dll+0x255d67]
V  [jvm.dll+0x24ddab]
V  [jvm.dll+0x24bbe6]
V  [jvm.dll+0x1cb4ae]
V  [jvm.dll+0x25baad]
V  [jvm.dll+0x25a03a]
V  [jvm.dll+0x3f8aae]
V  [jvm.dll+0x8600cd]
V  [jvm.dll+0x6d6c1d]
C  [ucrtbase.dll+0x2cd30]
C  [KERNEL32.DLL+0x2cd87]
C  [ntdll.dll+0xacaec]


---------------  P R O C E S S  ---------------

Threads class SMR info:
_java_thread_list=0x0000020563aad8a0, length=18, elements={
0x0000020501dc9350, 0x00000205041403c0, 0x0000020504143ec0, 0x0000020504147c50,
0x0000020504148b40, 0x000002050414bf40, 0x0000020504155df0, 0x000002050415bae0,
0x000002055cf86fb0, 0x000002055d0f58e0, 0x000002055d0f5f90, 0x000002055d155720,
0x00000205041571a0, 0x000002055d2bcaa0, 0x0000020504153d20, 0x000002056306c9c0,
0x00000205633a52d0, 0x00000205041543b0
}

Java Threads: ( => current thread )
  0x0000020501dc9350 JavaThread "main"                              [_thread_in_Java, id=18880, stack(0x00000006da400000,0x00000006da500000) (1024K)]
  0x00000205041403c0 JavaThread "Reference Handler"          daemon [_thread_blocked, id=2496, stack(0x00000006da800000,0x00000006da900000) (1024K)]
  0x0000020504143ec0 JavaThread "Finalizer"                  daemon [_thread_blocked, id=18616, stack(0x00000006da900000,0x00000006daa00000) (1024K)]
  0x0000020504147c50 JavaThread "Signal Dispatcher"          daemon [_thread_blocked, id=6080, stack(0x00000006daa00000,0x00000006dab00000) (1024K)]
  0x0000020504148b40 JavaThread "Attach Listener"            daemon [_thread_blocked, id=9032, stack(0x00000006dab00000,0x00000006dac00000) (1024K)]
  0x000002050414bf40 JavaThread "Service Thread"             daemon [_thread_blocked, id=7332, stack(0x00000006dac00000,0x00000006dad00000) (1024K)]
  0x0000020504155df0 JavaThread "Monitor Deflation Thread"   daemon [_thread_blocked, id=18008, stack(0x00000006dad00000,0x00000006dae00000) (1024K)]
  0x000002050415bae0 JavaThread "C2 CompilerThread0"         daemon [_thread_in_native, id=12088, stack(0x00000006dae00000,0x00000006daf00000) (1024K)]
  0x000002055cf86fb0 JavaThread "C1 CompilerThread0"         daemon [_thread_blocked, id=13684, stack(0x00000006daf00000,0x00000006db000000) (1024K)]
  0x000002055d0f58e0 JavaThread "C1 CompilerThread1"         daemon [_thread_blocked, id=18720, stack(0x00000006db000000,0x00000006db100000) (1024K)]
  0x000002055d0f5f90 JavaThread "C1 CompilerThread2"         daemon [_thread_blocked, id=6456, stack(0x00000006db100000,0x00000006db200000) (1024K)]
  0x000002055d155720 JavaThread "C2 CompilerThread1"         daemon [_thread_in_native, id=17244, stack(0x00000006db200000,0x00000006db300000) (1024K)]
  0x00000205041571a0 JavaThread "Common-Cleaner"             daemon [_thread_blocked, id=6808, stack(0x00000006db300000,0x00000006db400000) (1024K)]
  0x000002055d2bcaa0 JavaThread "C1 CompilerThread3"         daemon [_thread_blocked, id=18796, stack(0x00000006db400000,0x00000006db500000) (1024K)]
  0x0000020504153d20 JavaThread "Notification Thread"        daemon [_thread_blocked, id=9264, stack(0x00000006db500000,0x00000006db600000) (1024K)]
=>0x000002056306c9c0 JavaThread "C2 CompilerThread2"         daemon [_thread_in_native, id=15220, stack(0x00000006db600000,0x00000006db700000) (1024K)]
  0x00000205633a52d0 JavaThread "C2 CompilerThread3"         daemon [_thread_in_native, id=10560, stack(0x00000006db700000,0x00000006db800000) (1024K)]
  0x00000205041543b0 JavaThread "Active Thread: Equinox Container: 1ee3147a-e193-48bf-b0ff-6e5dc0bcc3ae"        [_thread_blocked, id=18916, stack(0x00000006dbe00000,0x00000006dbf00000) (1024K)]
Total: 18

Other Threads:
  0x000002051ab36190 VMThread "VM Thread"                           [id=2824, stack(0x00000006da700000,0x00000006da800000) (1024K)]
  0x0000020504109ab0 WatcherThread "VM Periodic Task Thread"        [id=7636, stack(0x00000006da600000,0x00000006da700000) (1024K)]
  0x00000205040b9fd0 WorkerThread "GC Thread#0"                     [id=2716, stack(0x00000006da500000,0x00000006da600000) (1024K)]
  0x00000205632c2640 WorkerThread "GC Thread#1"                     [id=3820, stack(0x00000006db800000,0x00000006db900000) (1024K)]
  0x00000205632c0f00 WorkerThread "GC Thread#2"                     [id=12792, stack(0x00000006db900000,0x00000006dba00000) (1024K)]
  0x00000205637f5440 WorkerThread "GC Thread#3"                     [id=16860, stack(0x00000006dba00000,0x00000006dbb00000) (1024K)]
  0x00000205637f57f0 WorkerThread "GC Thread#4"                     [id=7608, stack(0x00000006dbb00000,0x00000006dbc00000) (1024K)]
  0x00000205637f5ba0 WorkerThread "GC Thread#5"                     [id=17948, stack(0x00000006dbc00000,0x00000006dbd00000) (1024K)]
  0x000002056355a0f0 WorkerThread "GC Thread#6"                     [id=2480, stack(0x00000006dbd00000,0x00000006dbe00000) (1024K)]
  0x0000020563924780 WorkerThread "GC Thread#7"                     [id=10700, stack(0x00000006dbf00000,0x00000006dc000000) (1024K)]
Total: 10

Threads with active compile tasks:
C2 CompilerThread0  1079 1860       4       java.io.WinNTFileSystem::normalize (143 bytes)
C2 CompilerThread1  1079 1866 %     4       java.io.WinNTFileSystem::normalize @ 58 (224 bytes)
C2 CompilerThread2  1079 1805   !   4       java.lang.String::<init> (880 bytes)
C2 CompilerThread3  1079 1868       4       java.lang.StringLatin1::inflate (34 bytes)
Total: 4

VM state: not at safepoint (normal execution)

VM Mutex/Monitor currently owned by a thread: None

Heap address: 0x0000000080000000, size: 2048 MB, Compressed Oops mode: 32-bit

CDS archive(s) mapped at: [0x000002051b000000-0x000002051bba0000-0x000002051bba0000), size 12189696, SharedBaseAddress: 0x000002051b000000, ArchiveRelocationMode: 1.
Compressed class space mapped at: 0x000002051c000000-0x000002055c000000, reserved size: 1073741824
Narrow klass base: 0x000002051b000000, Narrow klass shift: 0, Narrow klass range: 0x100000000

GC Precious Log:
 CardTable entry size: 512
 CPUs: 16 total, 16 available
 Memory: 16098M
 Large Page Support: Disabled
 NUMA Support: Disabled
 Compressed Oops: Enabled (32-bit)
 Alignments: Space 512K, Generation 512K, Heap 2M
 Heap Min Capacity: 100M
 Heap Initial Capacity: 100M
 Heap Max Capacity: 2G
 Pre-touch: Disabled
 Parallel Workers: 13

Heap:
 PSYoungGen      total 29696K, used 4549K [0x00000000d5580000, 0x00000000d7680000, 0x0000000100000000)
  eden space 25600K, 1% used [0x00000000d5580000,0x00000000d55f7cb8,0x00000000d6e80000)
  from space 4096K, 99% used [0x00000000d7280000,0x00000000d7679800,0x00000000d7680000)
  to   space 4096K, 0% used [0x00000000d6e80000,0x00000000d6e80000,0x00000000d7280000)
 ParOldGen       total 68608K, used 1009K [0x0000000080000000, 0x0000000084300000, 0x00000000d5580000)
  object space 68608K, 1% used [0x0000000080000000,0x00000000800fc6a8,0x0000000084300000)
 Metaspace       used 8017K, committed 8256K, reserved 1114112K
  class space    used 832K, committed 960K, reserved 1048576K

Card table byte_map: [0x0000020503a40000,0x0000020503e50000] _byte_map_base: 0x0000020503640000

Marking Bits: (ParMarkBitMap*) 0x00007fff88da44a0
 Begin Bits: [0x0000020516550000, 0x0000020518550000)
 End Bits:   [0x0000020518550000, 0x000002051a550000)

Polling page: 0x0000020502280000

Metaspace:

Usage:
  Non-class:      7.02 MB used.
      Class:    832.44 KB used.
       Both:      7.83 MB used.

Virtual space:
  Non-class space:       64.00 MB reserved,       7.12 MB ( 11%) committed,  1 nodes.
      Class space:        1.00 GB reserved,     960.00 KB ( <1%) committed,  1 nodes.
             Both:        1.06 GB reserved,       8.06 MB ( <1%) committed. 

Chunk freelists:
   Non-Class:  8.81 MB
       Class:  14.91 MB
        Both:  23.72 MB

MaxMetaspaceSize: unlimited
CompressedClassSpaceSize: 1.00 GB
Initial GC threshold: 21.00 MB
Current GC threshold: 21.00 MB
CDS: on
 - commit_granule_bytes: 65536.
 - commit_granule_words: 8192.
 - virtual_space_node_default_size: 8388608.
 - enlarge_chunks_in_place: 1.
 - use_allocation_guard: 0.


Internal statistics:

num_allocs_failed_limit: 0.
num_arena_births: 228.
num_arena_deaths: 0.
num_vsnodes_births: 2.
num_vsnodes_deaths: 0.
num_space_committed: 129.
num_space_uncommitted: 0.
num_chunks_returned_to_freelist: 0.
num_chunks_taken_from_freelist: 421.
num_chunk_merges: 0.
num_chunk_splits: 268.
num_chunks_enlarged: 179.
num_inconsistent_stats: 0.

CodeHeap 'non-profiled nmethods': size=119168Kb used=755Kb max_used=755Kb free=118412Kb
 bounds [0x000002050ee40000, 0x000002050f0b0000, 0x00000205162a0000]
CodeHeap 'profiled nmethods': size=119104Kb used=3344Kb max_used=3344Kb free=115759Kb
 bounds [0x00000205072a0000, 0x00000205075f0000, 0x000002050e6f0000]
CodeHeap 'non-nmethods': size=7488Kb used=2906Kb max_used=2930Kb free=4581Kb
 bounds [0x000002050e6f0000, 0x000002050e9e0000, 0x000002050ee40000]
CodeCache: size=245760Kb, used=7005Kb, max_used=7029Kb, free=238752Kb
 total_blobs=2350, nmethods=1864, adapters=390, full_count=0
Compilation: enabled, stopped_count=0, restarted_count=0

Compilation events (20 events):
Event: 1.021 Thread 0x000002055cf86fb0 nmethod 1798 0x000002050eef9310 code [0x000002050eef94a0, 0x000002050eef9568]
Event: 1.021 Thread 0x000002055d2bcaa0 1799       3       java.lang.invoke.LambdaForm$DMH/0x000002051c098400::newInvokeSpecial (27 bytes)
Event: 1.021 Thread 0x000002055d2bcaa0 nmethod 1799 0x00000205075bb910 code [0x00000205075bbb20, 0x00000205075bc358]
Event: 1.022 Thread 0x000002055d2bcaa0 1800       1       org.eclipse.osgi.internal.serviceregistry.ServiceRegistrationImpl::getId (5 bytes)
Event: 1.022 Thread 0x000002055d2bcaa0 nmethod 1800 0x000002050eef9610 code [0x000002050eef97a0, 0x000002050eef9868]
Event: 1.023 Thread 0x000002055d0f5f90 1801       1       org.eclipse.osgi.internal.serviceregistry.ServiceRegistrationImpl::getClasses (5 bytes)
Event: 1.023 Thread 0x000002055d0f5f90 nmethod 1801 0x000002050eef9910 code [0x000002050eef9aa0, 0x000002050eef9b68]
Event: 1.024 Thread 0x000002055d2bcaa0 1802   !   3       sun.security.util.ManifestEntryVerifier::setEntry (298 bytes)
Event: 1.026 Thread 0x000002055d0f5f90 1804       3       java.util.ArrayList::indexOfRange (71 bytes)
Event: 1.026 Thread 0x000002055d0f58e0 1803       3       java.util.ArrayList::indexOf (11 bytes)
Event: 1.026 Thread 0x000002055d0f58e0 nmethod 1803 0x00000205075bc610 code [0x00000205075bc7c0, 0x00000205075bc920]
Event: 1.026 Thread 0x000002055d0f5f90 nmethod 1804 0x00000205075bca10 code [0x00000205075bcc00, 0x00000205075bd090]
Event: 1.027 Thread 0x000002055d2bcaa0 nmethod 1802 0x00000205075bd290 code [0x00000205075bd860, 0x00000205075c0850]
Event: 1.028 Thread 0x000002056306c9c0 1805   !   4       java.lang.String::<init> (880 bytes)
Event: 1.029 Thread 0x000002055d0f58e0 1806       3       java.util.TreeMap::parentOf (13 bytes)
Event: 1.029 Thread 0x000002055d0f58e0 nmethod 1806 0x00000205075c1a90 code [0x00000205075c1c40, 0x00000205075c1da8]
Event: 1.029 Thread 0x000002050415bae0 1807       4       jdk.internal.util.ArraysSupport::hashCode (33 bytes)
Event: 1.030 Thread 0x000002055d2bcaa0 1808       3       sun.security.util.DerValue::toDigit (51 bytes)
Event: 1.030 Thread 0x000002055d2bcaa0 nmethod 1808 0x00000205075c1e90 code [0x00000205075c20e0, 0x00000205075c2778]
Event: 1.030 Thread 0x000002055d0f58e0 1809       3       java.math.MutableBigInteger::divWord (108 bytes)

GC Heap History (2 events):
Event: 0.520 GC heap before
{Heap before GC invocations=1 (full 0):
 PSYoungGen      total 29696K, used 25600K [0x00000000d5580000, 0x00000000d7680000, 0x0000000100000000)
  eden space 25600K, 100% used [0x00000000d5580000,0x00000000d6e80000,0x00000000d6e80000)
  from space 4096K, 0% used [0x00000000d7280000,0x00000000d7280000,0x00000000d7680000)
  to   space 4096K, 0% used [0x00000000d6e80000,0x00000000d6e80000,0x00000000d7280000)
 ParOldGen       total 68608K, used 0K [0x0000000080000000, 0x0000000084300000, 0x00000000d5580000)
  object space 68608K, 0% used [0x0000000080000000,0x0000000080000000,0x0000000084300000)
 Metaspace       used 4209K, committed 4480K, reserved 1114112K
  class space    used 459K, committed 576K, reserved 1048576K
}
Event: 0.524 GC heap after
{Heap after GC invocations=1 (full 0):
 PSYoungGen      total 29696K, used 3612K [0x00000000d5580000, 0x00000000d7680000, 0x0000000100000000)
  eden space 25600K, 0% used [0x00000000d5580000,0x00000000d5580000,0x00000000d6e80000)
  from space 4096K, 88% used [0x00000000d6e80000,0x00000000d7207000,0x00000000d7280000)
  to   space 4096K, 0% used [0x00000000d7280000,0x00000000d7280000,0x00000000d7680000)
 ParOldGen       total 68608K, used 16K [0x0000000080000000, 0x0000000084300000, 0x00000000d5580000)
  object space 68608K, 0% used [0x0000000080000000,0x0000000080004000,0x0000000084300000)
 Metaspace       used 4209K, committed 4480K, reserved 1114112K
  class space    used 459K, committed 576K, reserved 1048576K
}

Dll operation events (16 events):
Event: 0.008 Attempting to load shared library c:\Users\aluno.UDICENTRO\.vscode\extensions\redhat.java-1.56.0-win32-x64\jre\21.0.12.1-win32-x86_64\bin\java.dll
Event: 0.008 Loaded shared library c:\Users\aluno.UDICENTRO\.vscode\extensions\redhat.java-1.56.0-win32-x64\jre\21.0.12.1-win32-x86_64\bin\java.dll
Event: 0.050 Attempting to load shared library c:\Users\aluno.UDICENTRO\.vscode\extensions\redhat.java-1.56.0-win32-x64\jre\21.0.12.1-win32-x86_64\bin\zip.dll
Event: 0.051 Loaded shared library c:\Users\aluno.UDICENTRO\.vscode\extensions\redhat.java-1.56.0-win32-x64\jre\21.0.12.1-win32-x86_64\bin\zip.dll
Event: 0.067 Attempting to load shared library C:\Users\aluno.UDICENTRO\.vscode\extensions\redhat.java-1.56.0-win32-x64\jre\21.0.12.1-win32-x86_64\bin\instrument.dll
Event: 0.067 Loaded shared library C:\Users\aluno.UDICENTRO\.vscode\extensions\redhat.java-1.56.0-win32-x64\jre\21.0.12.1-win32-x86_64\bin\instrument.dll
Event: 0.070 Attempting to load shared library C:\Users\aluno.UDICENTRO\.vscode\extensions\redhat.java-1.56.0-win32-x64\jre\21.0.12.1-win32-x86_64\bin\net.dll
Event: 0.072 Loaded shared library C:\Users\aluno.UDICENTRO\.vscode\extensions\redhat.java-1.56.0-win32-x64\jre\21.0.12.1-win32-x86_64\bin\net.dll
Event: 0.074 Attempting to load shared library C:\Users\aluno.UDICENTRO\.vscode\extensions\redhat.java-1.56.0-win32-x64\jre\21.0.12.1-win32-x86_64\bin\nio.dll
Event: 0.074 Loaded shared library C:\Users\aluno.UDICENTRO\.vscode\extensions\redhat.java-1.56.0-win32-x64\jre\21.0.12.1-win32-x86_64\bin\nio.dll
Event: 0.078 Attempting to load shared library C:\Users\aluno.UDICENTRO\.vscode\extensions\redhat.java-1.56.0-win32-x64\jre\21.0.12.1-win32-x86_64\bin\zip.dll
Event: 0.078 Loaded shared library C:\Users\aluno.UDICENTRO\.vscode\extensions\redhat.java-1.56.0-win32-x64\jre\21.0.12.1-win32-x86_64\bin\zip.dll
Event: 0.120 Attempting to load shared library C:\Users\aluno.UDICENTRO\.vscode\extensions\redhat.java-1.56.0-win32-x64\jre\21.0.12.1-win32-x86_64\bin\jimage.dll
Event: 0.120 Loaded shared library C:\Users\aluno.UDICENTRO\.vscode\extensions\redhat.java-1.56.0-win32-x64\jre\21.0.12.1-win32-x86_64\bin\jimage.dll
Event: 0.193 Attempting to load shared library c:\Users\aluno.UDICENTRO\.vscode\extensions\redhat.java-1.56.0-win32-x64\jre\21.0.12.1-win32-x86_64\bin\verify.dll
Event: 0.193 Loaded shared library c:\Users\aluno.UDICENTRO\.vscode\extensions\redhat.java-1.56.0-win32-x64\jre\21.0.12.1-win32-x86_64\bin\verify.dll

Deoptimization events (20 events):
Event: 0.853 Thread 0x0000020501dc9350 DEOPT PACKING pc=0x000002050eeb9f50 sp=0x00000006da4fed80
Event: 0.853 Thread 0x0000020501dc9350 DEOPT UNPACKING pc=0x000002050e743aa2 sp=0x00000006da4fed10 mode 2
Event: 0.854 Thread 0x0000020501dc9350 Uncommon trap: trap_request=0xffffff45 fr.pc=0x000002050eeba234 relative=0x0000000000000094
Event: 0.854 Thread 0x0000020501dc9350 Uncommon trap: reason=unstable_if action=reinterpret pc=0x000002050eeba234 method=java.util.concurrent.locks.ReentrantLock$Sync.tryRelease(I)Z @ 26 c2
Event: 0.854 Thread 0x0000020501dc9350 DEOPT PACKING pc=0x000002050eeba234 sp=0x00000006da4fee50
Event: 0.854 Thread 0x0000020501dc9350 DEOPT UNPACKING pc=0x000002050e743aa2 sp=0x00000006da4fedd0 mode 2
Event: 0.905 Thread 0x0000020501dc9350 Uncommon trap: trap_request=0xffffff45 fr.pc=0x000002050eeb9be0 relative=0x0000000000000040
Event: 0.905 Thread 0x0000020501dc9350 Uncommon trap: reason=unstable_if action=reinterpret pc=0x000002050eeb9be0 method=java.util.concurrent.locks.AbstractQueuedSynchronizer.signalNext(Ljava/util/concurrent/locks/AbstractQueuedSynchronizer$Node;)V @ 1 c2
Event: 0.905 Thread 0x0000020501dc9350 DEOPT PACKING pc=0x000002050eeb9be0 sp=0x00000006da4feb80
Event: 0.905 Thread 0x0000020501dc9350 DEOPT UNPACKING pc=0x000002050e743aa2 sp=0x00000006da4feb10 mode 2
Event: 0.966 Thread 0x0000020501dc9350 Uncommon trap: trap_request=0xffffffde fr.pc=0x000002050ee8c050 relative=0x0000000000000970
Event: 0.966 Thread 0x0000020501dc9350 Uncommon trap: reason=class_check action=maybe_recompile pc=0x000002050ee8c050 method=java.util.HashMap.putVal(ILjava/lang/Object;Ljava/lang/Object;ZZ)Ljava/lang/Object; @ 253 c2
Event: 0.966 Thread 0x0000020501dc9350 DEOPT PACKING pc=0x000002050ee8c050 sp=0x00000006da4fe750
Event: 0.966 Thread 0x0000020501dc9350 DEOPT UNPACKING pc=0x000002050e743aa2 sp=0x00000006da4fe6d0 mode 2
Event: 0.970 Thread 0x0000020501dc9350 Uncommon trap: trap_request=0xffffffde fr.pc=0x000002050ee8c050 relative=0x0000000000000970
Event: 0.970 Thread 0x0000020501dc9350 Uncommon trap: reason=class_check action=maybe_recompile pc=0x000002050ee8c050 method=java.util.HashMap.putVal(ILjava/lang/Object;Ljava/lang/Object;ZZ)Ljava/lang/Object; @ 253 c2
Event: 0.970 Thread 0x0000020501dc9350 DEOPT PACKING pc=0x000002050ee8c050 sp=0x00000006da4fe750
Event: 0.970 Thread 0x0000020501dc9350 DEOPT UNPACKING pc=0x000002050e743aa2 sp=0x00000006da4fe6d0 mode 2
Event: 1.029 Thread 0x0000020501dc9350 DEOPT PACKING pc=0x00000205073b518b sp=0x00000006da4fcfe0
Event: 1.029 Thread 0x0000020501dc9350 DEOPT UNPACKING pc=0x000002050e744242 sp=0x00000006da4fc458 mode 0

Classes loaded (20 events):
Event: 0.940 Loading class java/util/ArrayList$ListItr
Event: 0.940 Loading class java/util/ArrayList$ListItr done
Event: 0.945 Loading class java/net/ContentHandlerFactory
Event: 0.945 Loading class java/net/ContentHandlerFactory done
Event: 0.970 Loading class java/util/ConcurrentModificationException
Event: 0.970 Loading class java/util/ConcurrentModificationException done
Event: 0.997 Loading class java/net/ContentHandler
Event: 0.997 Loading class java/net/ContentHandler done
Event: 0.998 Loading class java/net/UrlDeserializedState
Event: 0.998 Loading class java/net/UrlDeserializedState done
Event: 0.998 Loading class java/lang/reflect/InaccessibleObjectException
Event: 0.999 Loading class java/lang/reflect/InaccessibleObjectException done
Event: 1.002 Loading class sun/awt/www/content/MultimediaContentHandlers
Event: 1.002 Loading class sun/awt/www/content/MultimediaContentHandlers done
Event: 1.003 Loading class java/lang/StackWalker$Option
Event: 1.003 Loading class java/lang/StackWalker$Option done
Event: 1.022 Loading class javax/xml/parsers/ParserConfigurationException
Event: 1.023 Loading class javax/xml/parsers/ParserConfigurationException done
Event: 1.025 Loading class java/security/KeyStoreException
Event: 1.025 Loading class java/security/KeyStoreException done

Classes unloaded (0 events):
No events

Classes redefined (0 events):
No events

Internal exceptions (20 events):
Event: 0.442 Thread 0x0000020501dc9350 Exception <a 'java/lang/NoSuchMethodError'{0x00000000d6791d00}: 'java.lang.Object java.lang.invoke.DirectMethodHandle$Holder.invokeInterface(java.lang.Object, java.lang.Object, int)'> (0x00000000d6791d00) 
thrown [s\src\hotspot\share\interpreter\linkResolver.cpp, line 773]
Event: 0.504 Thread 0x0000020501dc9350 Exception <a 'java/lang/NoSuchMethodError'{0x00000000d6c14e78}: 'java.lang.ClassLoader java.lang.ClassLoader.getPlatformClassLoader(java.lang.Class)'> (0x00000000d6c14e78) 
thrown [s\src\hotspot\share\interpreter\linkResolver.cpp, line 773]
Event: 0.549 Thread 0x0000020501dc9350 Exception <a 'java/lang/ClassNotFoundException'{0x00000000d578d790}: sun/net/www/protocol/c/Handler> (0x00000000d578d790) 
thrown [s\src\hotspot\share\classfile\systemDictionary.cpp, line 313]
Event: 0.549 Thread 0x0000020501dc9350 Exception <a 'java/lang/ClassNotFoundException'{0x00000000d578ec00}: sun/net/www/protocol/c/Handler> (0x00000000d578ec00) 
thrown [s\src\hotspot\share\classfile\systemDictionary.cpp, line 313]
Event: 0.549 Thread 0x0000020501dc9350 Exception <a 'java/lang/ClassNotFoundException'{0x00000000d578ff20}: sun/net/www/protocol/c/Handler> (0x00000000d578ff20) 
thrown [s\src\hotspot\share\classfile\systemDictionary.cpp, line 313]
Event: 0.554 Thread 0x0000020501dc9350 Exception <a 'java/io/FileNotFoundException'{0x00000000d57b9eb8}> (0x00000000d57b9eb8) 
thrown [s\src\hotspot\share\prims\jni.cpp, line 520]
Event: 0.580 Thread 0x0000020501dc9350 Implicit null exception at 0x000002050ee9c3e6 to 0x000002050ee9c492
Event: 0.580 Thread 0x0000020501dc9350 Implicit null exception at 0x000002050eea769a to 0x000002050eea78bc
Event: 0.580 Thread 0x0000020501dc9350 Exception <a 'java/lang/NoSuchMethodError'{0x00000000d58ec168}: 'void java.lang.invoke.DirectMethodHandle$Holder.invokeStatic(java.lang.Object, java.lang.Object, java.lang.Object, java.lang.Object)'> (0x00000000d58ec168) 
thrown [s\src\hotspot\share\interpreter\linkResolver.cpp, line 773]
Event: 0.581 Thread 0x0000020501dc9350 Implicit null exception at 0x000002050ee9d240 to 0x000002050ee9d514
Event: 0.581 Thread 0x0000020501dc9350 Implicit null exception at 0x000002050ee9c7c0 to 0x000002050ee9c845
Event: 0.631 Thread 0x0000020501dc9350 Exception <a 'java/lang/NoSuchMethodError'{0x00000000d5c30698}: 'void java.lang.invoke.DirectMethodHandle$Holder.invokeSpecial(java.lang.Object, java.lang.Object, java.lang.Object)'> (0x00000000d5c30698) 
thrown [s\src\hotspot\share\interpreter\linkResolver.cpp, line 773]
Event: 0.828 Thread 0x0000020501dc9350 Exception <a 'java/lang/NoSuchMethodError'{0x00000000d654a098}: 'int java.lang.invoke.DirectMethodHandle$Holder.invokeVirtual(java.lang.Object, java.lang.Object)'> (0x00000000d654a098) 
thrown [s\src\hotspot\share\interpreter\linkResolver.cpp, line 773]
Event: 0.880 Thread 0x0000020501dc9350 Exception <a 'java/lang/NoSuchMethodError'{0x00000000d66d3228}: 'int java.lang.invoke.DirectMethodHandle$Holder.invokeStaticInit(java.lang.Object, java.lang.Object, java.lang.Object, java.lang.Object)'> (0x00000000d66d3228) 
thrown [s\src\hotspot\share\interpreter\linkResolver.cpp, line 773]
Event: 0.881 Thread 0x0000020501dc9350 Exception <a 'java/lang/IncompatibleClassChangeError'{0x00000000d66db910}: Found class java.lang.Object, but interface was expected> (0x00000000d66db910) 
thrown [s\src\hotspot\share\interpreter\linkResolver.cpp, line 840]
Event: 0.881 Thread 0x0000020501dc9350 Exception <a 'java/lang/NoSuchMethodError'{0x00000000d66e2780}: 'void java.lang.invoke.DirectMethodHandle$Holder.invokeStaticInit(java.lang.Object, java.lang.Object)'> (0x00000000d66e2780) 
thrown [s\src\hotspot\share\interpreter\linkResolver.cpp, line 773]
Event: 0.888 Thread 0x0000020501dc9350 Exception <a 'java/lang/NoSuchMethodError'{0x00000000d66ec2b8}: 'int java.lang.invoke.DirectMethodHandle$Holder.invokeStaticInit(java.lang.Object, java.lang.Object)'> (0x00000000d66ec2b8) 
thrown [s\src\hotspot\share\interpreter\linkResolver.cpp, line 773]
Event: 0.953 Thread 0x0000020501dc9350 Exception <a 'java/lang/NoSuchMethodError'{0x00000000d696a748}: 'java.lang.Object java.lang.invoke.DirectMethodHandle$Holder.newInvokeSpecial(java.lang.Object, int, java.lang.Object)'> (0x00000000d696a748) 
thrown [s\src\hotspot\share\interpreter\linkResolver.cpp, line 773]
Event: 1.005 Thread 0x0000020501dc9350 Exception <a 'java/lang/ClassNotFoundException'{0x00000000d6b9e918}: sun/net/www/protocol/plurl/Handler> (0x00000000d6b9e918) 
thrown [s\src\hotspot\share\classfile\systemDictionary.cpp, line 313]
Event: 1.006 Thread 0x0000020501dc9350 Exception <a 'java/lang/ClassNotFoundException'{0x00000000d6b9f798}: sun/net/www/protocol/plurl/Handler> (0x00000000d6b9f798) 
thrown [s\src\hotspot\share\classfile\systemDictionary.cpp, line 313]

ZGC Phase Switch (0 events):
No events

VM Operations (20 events):
Event: 0.050 Executing non-safepoint VM operation: HandshakeAllThreads (Deoptimize)
Event: 0.050 Executing non-safepoint VM operation: HandshakeAllThreads (Deoptimize) done
Event: 0.135 Executing non-safepoint VM operation: HandshakeAllThreads (Deoptimize)
Event: 0.135 Executing non-safepoint VM operation: HandshakeAllThreads (Deoptimize) done
Event: 0.367 Executing non-safepoint VM operation: HandshakeAllThreads (Deoptimize)
Event: 0.367 Executing non-safepoint VM operation: HandshakeAllThreads (Deoptimize) done
Event: 0.377 Executing non-safepoint VM operation: HandshakeAllThreads (Deoptimize)
Event: 0.377 Executing non-safepoint VM operation: HandshakeAllThreads (Deoptimize) done
Event: 0.520 Executing safepoint VM operation: ParallelGCFailedAllocation (Allocation Failure)
Event: 0.524 Executing safepoint VM operation: ParallelGCFailedAllocation (Allocation Failure) done
Event: 0.537 Executing non-safepoint VM operation: HandshakeAllThreads (Deoptimize)
Event: 0.537 Executing non-safepoint VM operation: HandshakeAllThreads (Deoptimize) done
Event: 0.923 Executing non-safepoint VM operation: HandshakeAllThreads (Deoptimize)
Event: 0.923 Executing non-safepoint VM operation: HandshakeAllThreads (Deoptimize) done
Event: 0.940 Executing non-safepoint VM operation: HandshakeAllThreads (Deoptimize)
Event: 0.940 Executing non-safepoint VM operation: HandshakeAllThreads (Deoptimize) done
Event: 0.974 Executing safepoint VM operation: ICBufferFull
Event: 0.974 Executing safepoint VM operation: ICBufferFull done
Event: 1.000 Executing non-safepoint VM operation: HandshakeAllThreads (Deoptimize)
Event: 1.000 Executing non-safepoint VM operation: HandshakeAllThreads (Deoptimize) done

Memory protections (0 events):
No events

Nmethod flushes (0 events):
No events

Events (18 events):
Event: 0.017 Thread 0x0000020501dc9350 Thread added: 0x0000020501dc9350
Event: 0.028 Thread 0x0000020501dc9350 Thread added: 0x00000205041403c0
Event: 0.028 Thread 0x0000020501dc9350 Thread added: 0x0000020504143ec0
Event: 0.028 Thread 0x0000020501dc9350 Thread added: 0x0000020504147c50
Event: 0.028 Thread 0x0000020501dc9350 Thread added: 0x0000020504148b40
Event: 0.028 Thread 0x0000020501dc9350 Thread added: 0x000002050414bf40
Event: 0.028 Thread 0x0000020501dc9350 Thread added: 0x0000020504155df0
Event: 0.029 Thread 0x0000020501dc9350 Thread added: 0x000002050415bae0
Event: 0.029 Thread 0x0000020501dc9350 Thread added: 0x000002055cf86fb0
Event: 0.049 Thread 0x000002055cf86fb0 Thread added: 0x000002055d0f58e0
Event: 0.049 Thread 0x000002055cf86fb0 Thread added: 0x000002055d0f5f90
Event: 0.056 Thread 0x000002055d0f5f90 Thread added: 0x000002055d155720
Event: 0.069 Thread 0x0000020501dc9350 Thread added: 0x00000205041571a0
Event: 0.128 Thread 0x000002055cf86fb0 Thread added: 0x000002055d2bcaa0
Event: 0.263 Thread 0x0000020501dc9350 Thread added: 0x0000020504153d20
Event: 0.327 Thread 0x000002055cf86fb0 Thread added: 0x000002056306c9c0
Event: 0.381 Thread 0x000002055d0f5f90 Thread added: 0x00000205633a52d0
Event: 0.901 Thread 0x0000020501dc9350 Thread added: 0x00000205041543b0


Dynamic libraries:
0x00007ff7debd0000 - 0x00007ff7debde000 	c:\Users\aluno.UDICENTRO\.vscode\extensions\redhat.java-1.56.0-win32-x64\jre\21.0.12.1-win32-x86_64\bin\java.exe
0x00007ff838ea0000 - 0x00007ff839107000 	C:\WINDOWS\SYSTEM32\ntdll.dll
0x00007ff837b80000 - 0x00007ff837c4b000 	C:\WINDOWS\System32\KERNEL32.DLL
0x00007ff8363c0000 - 0x00007ff8367c2000 	C:\WINDOWS\System32\KERNELBASE.dll
0x00007ff836260000 - 0x00007ff8363ac000 	C:\WINDOWS\System32\ucrtbase.dll
0x00007ff821af0000 - 0x00007ff821b08000 	c:\Users\aluno.UDICENTRO\.vscode\extensions\redhat.java-1.56.0-win32-x64\jre\21.0.12.1-win32-x86_64\bin\jli.dll
0x00007ff823fb0000 - 0x00007ff823fce000 	c:\Users\aluno.UDICENTRO\.vscode\extensions\redhat.java-1.56.0-win32-x64\jre\21.0.12.1-win32-x86_64\bin\VCRUNTIME140.dll
0x00007ff838340000 - 0x00007ff83850f000 	C:\WINDOWS\System32\USER32.dll
0x00007ff8237e0000 - 0x00007ff823a70000 	C:\WINDOWS\WinSxS\amd64_microsoft.windows.common-controls_6595b64144ccf1df_6.0.26100.9278_none_3e0d1ba8e3303201\COMCTL32.dll
0x00007ff8360a0000 - 0x00007ff8360c7000 	C:\WINDOWS\System32\win32u.dll
0x00007ff837a70000 - 0x00007ff837b19000 	C:\WINDOWS\System32\msvcrt.dll
0x00007ff837970000 - 0x00007ff83799b000 	C:\WINDOWS\System32\GDI32.dll
0x00007ff836920000 - 0x00007ff836a49000 	C:\WINDOWS\System32\gdi32full.dll
0x00007ff836b10000 - 0x00007ff836bb3000 	C:\WINDOWS\System32\msvcp_win.dll
0x00007ff838300000 - 0x00007ff838331000 	C:\WINDOWS\System32\IMM32.DLL
0x00007ff826990000 - 0x00007ff82699c000 	c:\Users\aluno.UDICENTRO\.vscode\extensions\redhat.java-1.56.0-win32-x64\jre\21.0.12.1-win32-x86_64\bin\vcruntime140_1.dll
0x00007ff80cfe0000 - 0x00007ff80d06d000 	c:\Users\aluno.UDICENTRO\.vscode\extensions\redhat.java-1.56.0-win32-x64\jre\21.0.12.1-win32-x86_64\bin\msvcp140.dll
0x00007fff880e0000 - 0x00007fff88e82000 	c:\Users\aluno.UDICENTRO\.vscode\extensions\redhat.java-1.56.0-win32-x64\jre\21.0.12.1-win32-x86_64\bin\server\jvm.dll
0x00007ff837410000 - 0x00007ff8374cc000 	C:\WINDOWS\System32\ADVAPI32.dll
0x00007ff8379a0000 - 0x00007ff837a49000 	C:\WINDOWS\System32\sechost.dll
0x00007ff838190000 - 0x00007ff8382a8000 	C:\WINDOWS\System32\RPCRT4.dll
0x00007ff837d50000 - 0x00007ff837dd0000 	C:\WINDOWS\System32\WS2_32.dll
0x00007ff835f00000 - 0x00007ff835f5e000 	C:\WINDOWS\SYSTEM32\POWRPROF.dll
0x00007ff82cba0000 - 0x00007ff82cbab000 	C:\WINDOWS\SYSTEM32\VERSION.dll
0x00007ff823e10000 - 0x00007ff823e46000 	C:\WINDOWS\SYSTEM32\WINMM.dll
0x00007ff835ee0000 - 0x00007ff835ef5000 	C:\WINDOWS\SYSTEM32\UMPDC.dll
0x00007ff834d30000 - 0x00007ff834d4b000 	C:\WINDOWS\SYSTEM32\kernel.appcore.dll
0x00007ff825aa0000 - 0x00007ff825aaa000 	c:\Users\aluno.UDICENTRO\.vscode\extensions\redhat.java-1.56.0-win32-x64\jre\21.0.12.1-win32-x86_64\bin\jimage.dll
0x00007ff80b560000 - 0x00007ff80b7ac000 	C:\WINDOWS\SYSTEM32\DBGHELP.DLL
0x00007ff8374e0000 - 0x00007ff837865000 	C:\WINDOWS\System32\combase.dll
0x00007ff836d60000 - 0x00007ff836e39000 	C:\WINDOWS\System32\OLEAUT32.dll
0x00007ff812ef0000 - 0x00007ff812f2b000 	C:\WINDOWS\SYSTEM32\dbgcore.DLL
0x00007ff836a50000 - 0x00007ff836afc000 	C:\WINDOWS\System32\bcryptPrimitives.dll
0x00007ff820b90000 - 0x00007ff820b9f000 	c:\Users\aluno.UDICENTRO\.vscode\extensions\redhat.java-1.56.0-win32-x64\jre\21.0.12.1-win32-x86_64\bin\instrument.dll
0x00007ff81a2c0000 - 0x00007ff81a2e0000 	c:\Users\aluno.UDICENTRO\.vscode\extensions\redhat.java-1.56.0-win32-x64\jre\21.0.12.1-win32-x86_64\bin\java.dll
0x00007ff838560000 - 0x00007ff838cf8000 	C:\WINDOWS\System32\SHELL32.dll
0x00007ff8339d0000 - 0x00007ff83427e000 	C:\WINDOWS\SYSTEM32\windows.storage.dll
0x00007ff837c50000 - 0x00007ff837d4b000 	C:\WINDOWS\System32\SHCORE.dll
0x00007ff837fc0000 - 0x00007ff838026000 	C:\WINDOWS\System32\shlwapi.dll
0x00007ff835fc0000 - 0x00007ff835fe9000 	C:\WINDOWS\SYSTEM32\profapi.dll
0x00007ff814260000 - 0x00007ff814278000 	c:\Users\aluno.UDICENTRO\.vscode\extensions\redhat.java-1.56.0-win32-x64\jre\21.0.12.1-win32-x86_64\bin\zip.dll
0x00007ff820b80000 - 0x00007ff820b90000 	C:\Users\aluno.UDICENTRO\.vscode\extensions\redhat.java-1.56.0-win32-x64\jre\21.0.12.1-win32-x86_64\bin\net.dll
0x00007ff830200000 - 0x00007ff83032a000 	C:\WINDOWS\SYSTEM32\WINHTTP.dll
0x00007ff8352d0000 - 0x00007ff83533c000 	C:\WINDOWS\system32\mswsock.dll
0x00007ff813e20000 - 0x00007ff813e36000 	C:\Users\aluno.UDICENTRO\.vscode\extensions\redhat.java-1.56.0-win32-x64\jre\21.0.12.1-win32-x86_64\bin\nio.dll
0x00007ff81a3b0000 - 0x00007ff81a3c0000 	c:\Users\aluno.UDICENTRO\.vscode\extensions\redhat.java-1.56.0-win32-x64\jre\21.0.12.1-win32-x86_64\bin\verify.dll

JVMTI agents:
c:\Users\aluno.UDICENTRO\.vscode\extensions\redhat.java-1.56.0-win32-x64\lombok\lombok-1.18.39-4050.jar path:c:\Users\aluno.UDICENTRO\.vscode\extensions\redhat.java-1.56.0-win32-x64\jre\21.0.12.1-win32-x86_64\bin\instrument.dll, loaded, initialized, instrumentlib options:none

dbghelp: loaded successfully - version: 4.0.5 - missing functions: none
symbol engine: initialized successfully - sym options: 0x614 - pdb path: .;c:\Users\aluno.UDICENTRO\.vscode\extensions\redhat.java-1.56.0-win32-x64\jre\21.0.12.1-win32-x86_64\bin;C:\WINDOWS\SYSTEM32;C:\WINDOWS\WinSxS\amd64_microsoft.windows.common-controls_6595b64144ccf1df_6.0.26100.9278_none_3e0d1ba8e3303201;c:\Users\aluno.UDICENTRO\.vscode\extensions\redhat.java-1.56.0-win32-x64\jre\21.0.12.1-win32-x86_64\bin\server

VM Arguments:
jvm_args: --add-modules=ALL-SYSTEM --add-opens=java.base/java.util=ALL-UNNAMED --add-opens=java.base/java.lang=ALL-UNNAMED --add-opens=java.base/sun.nio.fs=ALL-UNNAMED -Declipse.application=org.eclipse.jdt.ls.core.id1 -Dosgi.bundles.defaultStartLevel=4 -Declipse.product=org.eclipse.jdt.ls.core.product -Djava.import.generatesMetadataFilesAtProjectRoot=false -Dm2e.project.cache.size=50 -DDetectVMInstallationsJob.disabled=true -Dfile.encoding=utf8 -XX:+UseParallelGC -XX:GCTimeRatio=4 -XX:AdaptiveSizePolicyWeight=90 -Dsun.zip.disableMemoryMapping=true -Xmx2G -Xms100m -Xlog:disable -javaagent:c:\Users\aluno.UDICENTRO\.vscode\extensions\redhat.java-1.56.0-win32-x64\lombok\lombok-1.18.39-4050.jar 
java_command: c:\Users\aluno.UDICENTRO\.vscode\extensions\redhat.java-1.56.0-win32-x64\server\plugins\org.eclipse.equinox.launcher_1.8.0.v20260804-1928.jar -configuration c:\Users\aluno.UDICENTRO\AppData\Roaming\Code\User\globalStorage\redhat.java\1.56.0\config_ss_win -data c:\Users\aluno.UDICENTRO\AppData\Roaming\Code\User\workspaceStorage\1a5981e14c0fc3f5dfccfc3b2f23525a\redhat.java\ss_ws --pipe=\\.\pipe\lsp-0d6e9a4281c7264490c71f3edb35ec42-sock
java_class_path (initial): c:\Users\aluno.UDICENTRO\.vscode\extensions\redhat.java-1.56.0-win32-x64\server\plugins\org.eclipse.equinox.launcher_1.8.0.v20260804-1928.jar
Launcher Type: SUN_STANDARD

[Global flags]
    uintx AdaptiveSizePolicyWeight                 = 90                                        {product} {command line}
     intx CICompilerCount                          = 12                                        {product} {ergonomic}
    uintx GCTimeRatio                              = 4                                         {product} {command line}
   size_t InitialHeapSize                          = 104857600                                 {product} {command line}
   size_t MaxHeapSize                              = 2147483648                                {product} {command line}
   size_t MaxNewSize                               = 715653120                                 {product} {ergonomic}
   size_t MinHeapDeltaBytes                        = 524288                                    {product} {ergonomic}
   size_t MinHeapSize                              = 104857600                                 {product} {command line}
   size_t NewSize                                  = 34603008                                  {product} {ergonomic}
    uintx NonNMethodCodeHeapSize                   = 7602480                                {pd product} {ergonomic}
    uintx NonProfiledCodeHeapSize                  = 122027880                              {pd product} {ergonomic}
   size_t OldSize                                  = 70254592                                  {product} {ergonomic}
    uintx ProfiledCodeHeapSize                     = 122027880                              {pd product} {ergonomic}
    uintx ReservedCodeCacheSize                    = 251658240                              {pd product} {ergonomic}
     bool SegmentedCodeCache                       = true                                      {product} {ergonomic}
   size_t SoftMaxHeapSize                          = 2147483648                             {manageable} {ergonomic}
     bool UseCompressedOops                        = true                           {product lp64_product} {ergonomic}
     bool UseLargePagesIndividualAllocation        = false                                  {pd product} {ergonomic}
     bool UseParallelGC                            = true                                      {product} {command line}

Logging:
Log output configuration:
 #0: stdout all=off uptime,level,tags foldmultilines=false
 #1: stderr all=off uptime,level,tags foldmultilines=false

Release file:
JAVA_VERSION="21.0.12.1" 
MODULES="java.base java.compiler java.datatransfer java.xml java.prefs java.desktop java.instrument java.logging java.management java.security.sasl java.naming java.rmi java.management.rmi java.net.http java.scripting java.security.jgss java.transaction.xa java.sql java.sql.rowset java.xml.crypto java.se java.smartcardio jdk.accessibility jdk.internal.jvmstat jdk.attach jdk.charsets jdk.internal.opt jdk.zipfs jdk.compiler jdk.crypto.ec jdk.crypto.cryptoki jdk.crypto.mscapi jdk.dynalink jdk.internal.ed jdk.editpad jdk.hotspot.agent jdk.httpserver jdk.internal.le jdk.internal.vm.ci jdk.internal.vm.compiler jdk.internal.vm.compiler.management jdk.jartool jdk.javadoc jdk.jcmd jdk.management jdk.management.agent jdk.jconsole jdk.jdeps jdk.jdwp.agent jdk.jdi jdk.jfr jdk.jshell jdk.jsobject jdk.jstatd jdk.localedata jdk.management.jfr jdk.naming.dns jdk.naming.rmi jdk.net jdk.nio.mapmode jdk.random jdk.sctp jdk.security.auth jdk.security.jgss jdk.unsupported jdk.unsupported.desktop jdk.xml.dom" 

Environment Variables:
JAVA_HOME=C:\Program Files\Java\jdk-11.0.12
CLASSPATH=.;%PROGRAMFILES%\Java\jdk-11.0.12\lib
PATH=C:\Program Files (x86)\Common Files\Oracle\Java\javapath;C:\Program Files\Common Files\Oracle\Java\javapath;C:\Python310\Scripts\;C:\Python310\;C:\WINDOWS\system32;C:\WINDOWS;C:\WINDOWS\System32\Wbem;C:\WINDOWS\System32\WindowsPowerShell\v1.0\;C:\WINDOWS\System32\OpenSSH\;C:\vscode;C:\Program Files\Git\cmd;C:\Program Files\Inkscape\bin;C:\Program Files\PuTTY\;C:\ProgramData\chocolatey\bin;%PROGRAMFILES%\Java\jdk-11.0.12\bin;C:\Program Files\Microsoft SQL Server\120\Tools\Binn\;C:\Program Files\Common Files\Autodesk Shared\;C:\apache-maven-3.8.2\bin;;C:\Program Files\Docker\Docker\resources\bin;C:\ProgramData\DockerDesktop\version-bin;C:\Program Files\nodejs\;C:\Program Files\dotnet\;C:\Users\aluno.UDICENTRO\AppData\Local\Microsoft\WindowsApps;C:\Users\aluno.UDICENTRO\AppData\Local\Programs\Microsoft VS Code\bin
USERNAME=aluno
OS=Windows_NT
PROCESSOR_IDENTIFIER=Intel64 Family 6 Model 165 Stepping 5, GenuineIntel
TMP=C:\Users\ALUNO~1.UDI\AppData\Local\Temp
TEMP=C:\Users\ALUNO~1.UDI\AppData\Local\Temp




Periodic native trim disabled

---------------  S Y S T E M  ---------------

OS:
 Windows 11 , 64 bit Build 26100 (10.0.26100.9444)
OS uptime: 0 days 1:29 hours
Hyper-V role detected

CPU: total 16 (initial active 16) (8 cores per cpu, 2 threads per core) family 6 model 165 stepping 5 microcode 0x100, cx8, cmov, fxsr, ht, mmx, 3dnowpref, sse, sse2, sse3, ssse3, sse4.1, sse4.2, popcnt, lzcnt, tsc, tscinvbit, avx, avx2, aes, erms, clmul, bmi1, bmi2, adx, fma, vzeroupper, clflush, clflushopt, hv, rdtscp, f16c
Processor Information for the first 16 processors :
  Max Mhz: 2001, Current Mhz: 2000, Mhz Limit: 1980

Memory: 4k page, system-wide physical 16098M (2787M free)
TotalPageFile size 17255M (AvailPageFile size 0M)
current process WorkingSet (physical memory assigned to process): 99M, peak: 99M
current process commit charge ("private bytes"): 260M, peak: 262M

vm_info: OpenJDK 64-Bit Server VM (21.0.12.1+1-LTS) for windows-amd64 JRE (21.0.12.1+1-LTS), built on 2026-08-18T00:00:00Z by "admin" with MS VC++ 17.12 (VS2022)

END.
